C:\Users\Usuario\OneDrive\Escritorio\LUCAS\Ripsa\Proyecto-Dolar\API_Dolar\Persistence\Repository\MyRepositoryAsync.cs(30,18): error CS1061: "IQueryable<T>" no contiene una definici├│n para "AsNoTracking" ni un m├®todo de extensi├│n accesible "AsNoTracking" que acepte un primer argumento del tipo "IQueryable<T>" (┬┐falta alguna directiva using o una referencia de ensamblado?) [C:\Users\Usuario\OneDrive\Escritorio\LUCAS\Ripsa\Proyecto-Dolar\API_Dolar\Persistence\Persistence.csproj]

ERROR al compilar.
    2 Advertencia(s)
    1 Errores

Tiempo transcurrido 00:00:03.37
